2026-03-26 03:02:47 | INFO     | pipeline | NEPSE ETL Pipeline starting …
2026-03-26 03:02:47 | INFO     | pipeline | Symbols : ['NEPSE', 'NABIL', 'ADBL', 'NTC', 'NICA', 'UPPER', 'SCB', 'EBL', 'SBL', 'GBIME']
2026-03-26 03:02:47 | INFO     | pipeline | Fetch   : True
2026-03-26 03:02:47 | INFO     | pipeline | Report  : True
2026-03-26 03:02:47 | INFO     | pipeline | ============================================================
2026-03-26 03:02:47 | INFO     | pipeline | STAGE 1: FETCH  (runs until 15:00 NPT or Ctrl+C)
2026-03-26 03:02:47 | INFO     | pipeline | ============================================================
2026-03-26 03:02:47 | INFO     | extractor | Extractor started. Watchlist: ['NEPSE', 'NABIL', 'ADBL', 'NTC', 'NICA', 'UPPER', 'SCB', 'EBL', 'SBL', 'GBIME']
2026-03-26 03:02:47 | INFO     | extractor | raw.csv reset for new session.
2026-03-26 03:02:47 | INFO     | extractor | Market not yet open. Waiting 28632s …
2026-03-26 03:03:25 | INFO     | extractor | Extractor shutting down …
2026-03-26 03:03:47 | INFO     | extractor | Extractor finished.
2026-03-26 03:03:47 | INFO     | pipeline | Generating report from current raw.csv data …
2026-03-26 03:03:48 | INFO     | pipeline | ============================================================
2026-03-26 03:03:48 | INFO     | pipeline | STAGE 2: TRANSFORM
2026-03-26 03:03:48 | INFO     | pipeline | ============================================================
2026-03-26 03:03:48 | ERROR    | pipeline | Transform failed: raw.csv is empty
2026-03-26 03:04:21 | INFO     | pipeline | NEPSE ETL Pipeline starting …
2026-03-26 03:04:21 | INFO     | pipeline | Symbols : ['NEPSE', 'NABIL', 'ADBL', 'NTC', 'NICA', 'UPPER', 'SCB', 'EBL', 'SBL', 'GBIME']
2026-03-26 03:04:21 | INFO     | pipeline | Fetch   : True
2026-03-26 03:04:21 | INFO     | pipeline | Report  : True
2026-03-26 03:04:21 | INFO     | pipeline | ============================================================
2026-03-26 03:04:21 | INFO     | pipeline | STAGE 1: FETCH  (runs until 15:00 NPT or Ctrl+C)
2026-03-26 03:04:21 | INFO     | pipeline | ============================================================
2026-03-26 03:04:21 | INFO     | extractor | Extractor started. Watchlist: ['NEPSE', 'NABIL', 'ADBL', 'NTC', 'NICA', 'UPPER', 'SCB', 'EBL', 'SBL', 'GBIME']
2026-03-26 03:04:21 | DEBUG    | extractor | Session stamp matches today — raw.csv already fresh.
2026-03-26 03:04:21 | INFO     | extractor | Market not yet open. Waiting 28538s …
2026-03-26 03:04:24 | INFO     | extractor | Extractor shutting down …
2026-03-26 03:05:21 | INFO     | extractor | Extractor finished.
2026-03-26 03:05:21 | INFO     | pipeline | Generating report from current raw.csv data …
2026-03-26 03:05:22 | INFO     | pipeline | ============================================================
2026-03-26 03:05:22 | INFO     | pipeline | STAGE 2: TRANSFORM
2026-03-26 03:05:22 | INFO     | pipeline | ============================================================
2026-03-26 03:05:22 | INFO     | transformer | Loaded raw.csv: 600 rows, 10 symbol(s), dates: ['2026-03-25']
2026-03-26 03:05:22 | INFO     | transformer | Running step: coerce_types
2026-03-26 03:05:22 | DEBUG    | transformer |   → 600 rows OK
2026-03-26 03:05:22 | INFO     | transformer | Running step: drop_duplicates
2026-03-26 03:05:22 | INFO     | transformer |   drop_duplicates removed 0 rows
2026-03-26 03:05:22 | DEBUG    | transformer |   → 600 rows OK
2026-03-26 03:05:22 | INFO     | transformer | Running step: drop_null_ohlcv
2026-03-26 03:05:22 | INFO     | transformer |   drop_null_ohlcv removed 0 rows
2026-03-26 03:05:22 | DEBUG    | transformer |   → 600 rows OK
2026-03-26 03:05:22 | INFO     | transformer | Running step: sanity_checks
2026-03-26 03:05:22 | INFO     | transformer |   sanity_checks removed 198 invalid rows
2026-03-26 03:05:22 | DEBUG    | transformer |   → 402 rows OK
2026-03-26 03:05:22 | INFO     | transformer | Running step: derive_prev_close
2026-03-26 03:05:22 | DEBUG    | transformer |   → 402 rows OK
2026-03-26 03:05:22 | INFO     | transformer | Running step: feature_engineering
2026-03-26 03:05:22 | DEBUG    | transformer |   → 402 rows OK
2026-03-26 03:05:22 | INFO     | transformer | Running step: fill_nulls
2026-03-26 03:05:22 | DEBUG    | transformer |   → 402 rows OK
2026-03-26 03:05:22 | INFO     | transformer | Saved cleaned.csv: 402 rows → /home/riyospace/Documents/nepse-optimized/data/cleaned.csv
2026-03-26 03:05:22 | INFO     | pipeline | ============================================================
2026-03-26 03:05:22 | INFO     | pipeline | STAGE 3: VISUALISE
2026-03-26 03:05:22 | INFO     | pipeline | ============================================================
2026-03-26 03:05:23 | INFO     | report | Saved chart: line_ADBL.png
2026-03-26 03:05:23 | INFO     | report | Saved chart: line_EBL.png
2026-03-26 03:05:23 | INFO     | report | Saved chart: line_GBIME.png
2026-03-26 03:05:24 | INFO     | report | Saved chart: line_NABIL.png
2026-03-26 03:05:24 | INFO     | report | Saved chart: line_NEPSE.png
2026-03-26 03:05:24 | INFO     | report | Saved chart: line_NICA.png
2026-03-26 03:05:24 | INFO     | report | Saved chart: line_NTC.png
2026-03-26 03:05:24 | INFO     | report | Saved chart: line_SBL.png
2026-03-26 03:05:25 | INFO     | report | Saved chart: line_SCB.png
2026-03-26 03:05:25 | INFO     | report | Saved chart: line_UPPER.png
2026-03-26 03:05:25 | INFO     | report | Saved chart: overlay_close_lines.png
2026-03-26 03:05:25 | INFO     | report | Saved chart: pct_change_bars.png
2026-03-26 03:05:26 | INFO     | report | Saved chart: candlestick.png
2026-03-26 03:05:26 | INFO     | report | Saved chart: volume_bars.png
2026-03-26 03:05:26 | INFO     | report | Saved chart: correlation_heatmap.png
2026-03-26 03:05:26 | INFO     | report | Saved chart: cumulative_return.png
2026-03-26 03:05:26 | INFO     | report | Saved chart: summary_table.png
2026-03-26 03:05:27 | INFO     | report | Saved chart: nepse_index.png
2026-03-26 03:05:27 | INFO     | report | Generated 18 chart(s) in /home/riyospace/Documents/nepse-optimized/reports/2026-03-26/graphs
2026-03-26 03:05:27 | INFO     | pipeline | ============================================================
2026-03-26 03:05:27 | INFO     | pipeline | STAGE 4: REPORT + NOTIFY + EMAIL
2026-03-26 03:05:27 | INFO     | pipeline | ============================================================
2026-03-26 03:05:28 | INFO     | report | PDF report saved: /home/riyospace/Documents/nepse-optimized/reports/2026-03-26/NEPSE_Report_20260326_030527.pdf
2026-03-26 03:05:28 | INFO     | email_sender | Connecting to smtp.gmail.com:587 …
2026-03-26 03:05:29 | INFO     | notifier | Desktop notification sent (notify-send).
2026-03-26 03:05:32 | ERROR    | email_sender | Authentication failed. Check NEPSE_EMAIL_SENDER and NEPSE_EMAIL_PASSWORD. Use a Gmail App Password, not your main password.
2026-03-26 03:05:32 | INFO     | report | Email not sent — check config.
2026-03-26 03:05:32 | INFO     | pipeline | Report ready: /home/riyospace/Documents/nepse-optimized/reports/2026-03-26/NEPSE_Report_20260326_030527.pdf
