2026-03-25 14:57:40  INFO      ============================================================
2026-03-25 14:57:40  INFO      NEPSE ETL Daemon starting up.
2026-03-25 14:57:40  INFO      Symbols: ['NEPSE', 'NABIL', 'ADBL', 'SCB', 'NTC', 'NICA', 'UPPER']
2026-03-25 14:57:40  INFO      PID 105190 written to nepse_daemon.pid
2026-03-25 14:57:40  INFO      Created uncleaned.csv with header.
2026-03-25 14:57:40  INFO      Watchlist: NEPSE, NABIL, ADBL, SCB, NTC, NICA, UPPER
2026-03-25 14:57:40  INFO      CSV output: /home/riyospace/Documents/NEPSE-PYTHON/uncleaned.csv
2026-03-25 14:57:40  INFO      Log file:   /home/riyospace/Documents/NEPSE-PYTHON/nepse_daemon.log
2026-03-25 14:57:40  INFO      Poll #1 — fetching 7 symbol(s).
2026-03-25 14:57:40  INFO        NEPSE  close=2931.19  chg=-0.99%
2026-03-25 14:57:40  INFO        NABIL  close=540.00  chg=-0.84%
2026-03-25 14:57:40  INFO        ADBL  close=330.00  chg=-1.46%
2026-03-25 14:57:40  INFO        SCB  close=677.90  chg=-0.31%
2026-03-25 14:57:40  INFO        NTC  close=900.00  chg=-1.53%
2026-03-25 14:57:40  INFO        NICA  close=397.00  chg=+0.76%
2026-03-25 14:57:40  INFO        UPPER  close=230.90  chg=-2.53%
2026-03-25 14:57:40  INFO      Appended 7 row(s) to uncleaned.csv.
2026-03-25 14:57:40  INFO      Next poll at ~15:02:11 NPT (271 s).
2026-03-25 14:58:20  INFO      ============================================================
2026-03-25 14:58:20  INFO      NEPSE ETL Daemon starting up.
2026-03-25 14:58:20  INFO      Symbols: ['NEPSE', 'NABIL', 'ADBL', 'SCB', 'NTC', 'NICA', 'UPPER']
2026-03-25 14:58:20  INFO      PID 105234 written to nepse_daemon.pid
2026-03-25 14:58:20  INFO      Watchlist: NEPSE, NABIL, ADBL, SCB, NTC, NICA, UPPER
2026-03-25 14:58:20  INFO      CSV output: /home/riyospace/Documents/NEPSE-PYTHON/uncleaned.csv
2026-03-25 14:58:20  INFO      Log file:   /home/riyospace/Documents/NEPSE-PYTHON/nepse_daemon.log
2026-03-25 14:58:20  INFO      Poll #1 — fetching 7 symbol(s).
2026-03-25 14:58:30  INFO        NEPSE  close=2931.75  chg=-0.97%
2026-03-25 14:58:30  INFO        NABIL  close=540.00  chg=-0.84%
2026-03-25 14:58:30  INFO        ADBL  close=330.00  chg=-1.46%
2026-03-25 14:58:30  INFO        SCB  close=677.80  chg=-0.32%
2026-03-25 14:58:31  INFO        NTC  close=900.00  chg=-1.53%
2026-03-25 14:58:31  INFO        NICA  close=396.40  chg=+0.61%
2026-03-25 14:58:31  INFO        UPPER  close=229.90  chg=-2.95%
2026-03-25 14:58:31  INFO      Appended 7 row(s) to uncleaned.csv.
2026-03-25 14:58:31  INFO      Next poll at ~15:03:21 NPT (290 s).
2026-03-25 15:02:11  INFO      Market closed at 15:00 NPT. Done for today.
2026-03-25 15:02:11  INFO      Sleeping 71868 s until next trading session.
2026-03-25 15:03:21  INFO      Market closed at 15:00 NPT. Done for today.
2026-03-25 15:03:21  INFO      Sleeping 71799 s until next trading session.
